// Jest Snapshot v1, https://goo.gl/fbAQLP

exports[`Nav component looks as expected 1`] = `
ShallowWrapper {
  Symbol(enzyme.__root__): [Circular],
  Symbol(enzyme.__unrendered__): <Nav
    items={
      Array [
        Object {
          "name": "Nav item",
          "route": "/",
        },
        Object {
          "name": "Nav item",
          "route": "/about",
        },
      ]
    }
  />,
  Symbol(enzyme.__renderer__): Object {
    "batchedUpdates": [Function],
    "getNode": [Function],
    "render": [Function],
    "simulateError": [Function],
    "simulateEvent": [Function],
    "unmount": [Function],
  },
  Symbol(enzyme.__node__): Object {
    "instance": null,
    "key": undefined,
    "nodeType": "host",
    "props": Object {
      "children": Array [
        <img
          className="w2 w3-ns pa2"
          src={undefined}
        />,
        <UL
          horizontal={true}
          responsive={true}
        >
          <NavElement
            name="Nav item"
            route="/"
          />
          <NavElement
            name="Nav item"
            route="/about"
          />
        </UL>,
      ],
      "className": "bb pa3 flex flex-column-reverse items-center flex-row-ns",
    },
    "ref": null,
    "rendered": Array [
      Object {
        "instance": null,
        "key": undefined,
        "nodeType": "host",
        "props": Object {
          "className": "w2 w3-ns pa2",
          "src": undefined,
        },
        "ref": null,
        "rendered": null,
        "type": "img",
      },
      Object {
        "instance": null,
        "key": undefined,
        "nodeType": "function",
        "props": Object {
          "children": Array [
            <NavElement
              name="Nav item"
              route="/"
            />,
            <NavElement
              name="Nav item"
              route="/about"
            />,
          ],
          "horizontal": true,
          "responsive": true,
        },
        "ref": null,
        "rendered": Array [
          Object {
            "instance": null,
            "key": "Nav item-/",
            "nodeType": "function",
            "props": Object {
              "name": "Nav item",
              "route": "/",
            },
            "ref": null,
            "rendered": null,
            "type": [Function],
          },
          Object {
            "instance": null,
            "key": "Nav item-/about",
            "nodeType": "function",
            "props": Object {
              "name": "Nav item",
              "route": "/about",
            },
            "ref": null,
            "rendered": null,
            "type": [Function],
          },
        ],
        "type": [Function],
      },
    ],
    "type": "nav",
  },
  Symbol(enzyme.__nodes__): Array [
    Object {
      "instance": null,
      "key": undefined,
      "nodeType": "host",
      "props": Object {
        "children": Array [
          <img
            className="w2 w3-ns pa2"
            src={undefined}
          />,
          <UL
            horizontal={true}
            responsive={true}
          >
            <NavElement
              name="Nav item"
              route="/"
            />
            <NavElement
              name="Nav item"
              route="/about"
            />
          </UL>,
        ],
        "className": "bb pa3 flex flex-column-reverse items-center flex-row-ns",
      },
      "ref": null,
      "rendered": Array [
        Object {
          "instance": null,
          "key": undefined,
          "nodeType": "host",
          "props": Object {
            "className": "w2 w3-ns pa2",
            "src": undefined,
          },
          "ref": null,
          "rendered": null,
          "type": "img",
        },
        Object {
          "instance": null,
          "key": undefined,
          "nodeType": "function",
          "props": Object {
            "children": Array [
              <NavElement
                name="Nav item"
                route="/"
              />,
              <NavElement
                name="Nav item"
                route="/about"
              />,
            ],
            "horizontal": true,
            "responsive": true,
          },
          "ref": null,
          "rendered": Array [
            Object {
              "instance": null,
              "key": "Nav item-/",
              "nodeType": "function",
              "props": Object {
                "name": "Nav item",
                "route": "/",
              },
              "ref": null,
              "rendered": null,
              "type": [Function],
            },
            Object {
              "instance": null,
              "key": "Nav item-/about",
              "nodeType": "function",
              "props": Object {
                "name": "Nav item",
                "route": "/about",
              },
              "ref": null,
              "rendered": null,
              "type": [Function],
            },
          ],
          "type": [Function],
        },
      ],
      "type": "nav",
    },
  ],
  Symbol(enzyme.__options__): Object {
    "adapter": ReactSixteenAdapter {
      "options": Object {
        "enableComponentDidUpdateOnSetState": true,
        "lifecycles": Object {
          "componentDidUpdate": Object {
            "onSetState": true,
          },
          "getDerivedStateFromProps": true,
          "getSnapshotBeforeUpdate": true,
          "setState": Object {
            "skipsComponentDidUpdateOnNullish": true,
          },
        },
      },
    },
    "attachTo": undefined,
    "hydrateIn": undefined,
  },
}
`;
